Archive member included because of file (symbol)

c:/programmi/atmel/avr tools/avr toolchain/bin/../lib/gcc/avr/4.5.1/avr6\libgcc.a(_exit.o)
                              c:/programmi/atmel/avr tools/avr toolchain/bin/../lib/gcc/avr/4.5.1/../../../../avr/lib/avr6/crtm2560.o (exit)
c:/programmi/atmel/avr tools/avr toolchain/bin/../lib/gcc/avr/4.5.1/../../../../avr/lib/avr6\libc.a(eewr_word_atmega2560.o)
                              main.o (__eewr_word_m2560)
c:/programmi/atmel/avr tools/avr toolchain/bin/../lib/gcc/avr/4.5.1/../../../../avr/lib/avr6\libc.a(eewr_byte_atmega2560.o)
                              c:/programmi/atmel/avr tools/avr toolchain/bin/../lib/gcc/avr/4.5.1/../../../../avr/lib/avr6\libc.a(eewr_word_atmega2560.o) (__eewr_byte_m2560)

Memory Configuration

Name             Origin             Length             Attributes
text             0x00000000         0x00100000         xr
data             0x00800200         0x0000fe00         rw !x
eeprom           0x00810000         0x00010000         rw !x
fuse             0x00820000         0x00000400         rw !x
lock             0x00830000         0x00000400         rw !x
signature        0x00840000         0x00000400         rw !x
*default*        0x00000000         0xffffffff

Linker script and memory map

Address of section .data set to 0x800200
LOAD c:/programmi/atmel/avr tools/avr toolchain/bin/../lib/gcc/avr/4.5.1/../../../../avr/lib/avr6/crtm2560.o
LOAD main.o
LOAD c:/programmi/atmel/avr tools/avr toolchain/bin/../lib/gcc/avr/4.5.1/avr6\libgcc.a
LOAD c:/programmi/atmel/avr tools/avr toolchain/bin/../lib/gcc/avr/4.5.1/../../../../avr/lib/avr6\libc.a
LOAD c:/programmi/atmel/avr tools/avr toolchain/bin/../lib/gcc/avr/4.5.1/avr6\libgcc.a

.hash
 *(.hash)

.dynsym
 *(.dynsym)

.dynstr
 *(.dynstr)

.gnu.version
 *(.gnu.version)

.gnu.version_d
 *(.gnu.version_d)

.gnu.version_r
 *(.gnu.version_r)

.rel.init
 *(.rel.init)

.rela.init
 *(.rela.init)

.rel.text
 *(.rel.text)
 *(.rel.text.*)
 *(.rel.gnu.linkonce.t*)

.rela.text
 *(.rela.text)
 *(.rela.text.*)
 *(.rela.gnu.linkonce.t*)

.rel.fini
 *(.rel.fini)

.rela.fini
 *(.rela.fini)

.rel.rodata
 *(.rel.rodata)
 *(.rel.rodata.*)
 *(.rel.gnu.linkonce.r*)

.rela.rodata
 *(.rela.rodata)
 *(.rela.rodata.*)
 *(.rela.gnu.linkonce.r*)

.rel.data
 *(.rel.data)
 *(.rel.data.*)
 *(.rel.gnu.linkonce.d*)

.rela.data
 *(.rela.data)
 *(.rela.data.*)
 *(.rela.gnu.linkonce.d*)

.rel.ctors
 *(.rel.ctors)

.rela.ctors
 *(.rela.ctors)

.rel.dtors
 *(.rel.dtors)

.rela.dtors
 *(.rela.dtors)

.rel.got
 *(.rel.got)

.rela.got
 *(.rela.got)

.rel.bss
 *(.rel.bss)

.rela.bss
 *(.rela.bss)

.rel.plt
 *(.rel.plt)

.rela.plt
 *(.rela.plt)

.text           0x00000000      0x13a
 *(.vectors)
 .vectors       0x00000000       0xe4 c:/programmi/atmel/avr tools/avr toolchain/bin/../lib/gcc/avr/4.5.1/../../../../avr/lib/avr6/crtm2560.o
                0x00000000                __vector_default
                0x00000000                __vectors
 *(.vectors)
 *(.progmem.gcc*)
 *(.progmem*)
                0x000000e4                . = ALIGN (0x2)
                0x000000e4                __trampolines_start = .
 *(.trampolines)
 .trampolines   0x000000e4        0x0 linker stubs
 *(.trampolines*)
                0x000000e4                __trampolines_end = .
 *(.jumptables)
 *(.jumptables*)
 *(.lowtext)
 *(.lowtext*)
                0x000000e4                __ctors_start = .
 *(.ctors)
                0x000000e4                __ctors_end = .
                0x000000e4                __dtors_start = .
 *(.dtors)
                0x000000e4                __dtors_end = .
 SORT(*)(.ctors)
 SORT(*)(.dtors)
 *(.init0)
 .init0         0x000000e4        0x0 c:/programmi/atmel/avr tools/avr toolchain/bin/../lib/gcc/avr/4.5.1/../../../../avr/lib/avr6/crtm2560.o
                0x000000e4                __init
 *(.init0)
 *(.init1)
 *(.init1)
 *(.init2)
 .init2         0x000000e4       0x10 c:/programmi/atmel/avr tools/avr toolchain/bin/../lib/gcc/avr/4.5.1/../../../../avr/lib/avr6/crtm2560.o
 *(.init2)
 *(.init3)
 *(.init3)
 *(.init4)
 *(.init4)
 *(.init5)
 *(.init5)
 *(.init6)
 *(.init6)
 *(.init7)
 *(.init7)
 *(.init8)
 *(.init8)
 *(.init9)
 .init9         0x000000f4        0x8 c:/programmi/atmel/avr tools/avr toolchain/bin/../lib/gcc/avr/4.5.1/../../../../avr/lib/avr6/crtm2560.o
 *(.init9)
 *(.text)
 .text          0x000000fc        0x4 c:/programmi/atmel/avr tools/avr toolchain/bin/../lib/gcc/avr/4.5.1/../../../../avr/lib/avr6/crtm2560.o
                0x000000fc                __vector_38
                0x000000fc                __vector_22
                0x000000fc                __vector_28
                0x000000fc                __vector_1
                0x000000fc                __vector_32
                0x000000fc                __vector_34
                0x000000fc                __vector_24
                0x000000fc                __vector_12
                0x000000fc                __vector_55
                0x000000fc                __vector_46
                0x000000fc                __bad_interrupt
                0x000000fc                __vector_6
                0x000000fc                __vector_31
                0x000000fc                __vector_35
                0x000000fc                __vector_39
                0x000000fc                __vector_3
                0x000000fc                __vector_23
                0x000000fc                __vector_30
                0x000000fc                __vector_45
                0x000000fc                __vector_25
                0x000000fc                __vector_11
                0x000000fc                __vector_54
                0x000000fc                __vector_13
                0x000000fc                __vector_17
                0x000000fc                __vector_19
                0x000000fc                __vector_56
                0x000000fc                __vector_7
                0x000000fc                __vector_49
                0x000000fc                __vector_41
                0x000000fc                __vector_43
                0x000000fc                __vector_27
                0x000000fc                __vector_5
                0x000000fc                __vector_33
                0x000000fc                __vector_47
                0x000000fc                __vector_52
                0x000000fc                __vector_37
                0x000000fc                __vector_4
                0x000000fc                __vector_44
                0x000000fc                __vector_51
                0x000000fc                __vector_9
                0x000000fc                __vector_2
                0x000000fc                __vector_21
                0x000000fc                __vector_15
                0x000000fc                __vector_36
                0x000000fc                __vector_29
                0x000000fc                __vector_40
                0x000000fc                __vector_8
                0x000000fc                __vector_26
                0x000000fc                __vector_48
                0x000000fc                __vector_14
                0x000000fc                __vector_53
                0x000000fc                __vector_10
                0x000000fc                __vector_50
                0x000000fc                __vector_16
                0x000000fc                __vector_18
                0x000000fc                __vector_20
                0x000000fc                __vector_42
 .text          0x00000100       0x12 main.o
                0x00000100                main
 .text          0x00000112        0x0 c:/programmi/atmel/avr tools/avr toolchain/bin/../lib/gcc/avr/4.5.1/avr6\libgcc.a(_exit.o)
 .text          0x00000112        0x0 c:/programmi/atmel/avr tools/avr toolchain/bin/../lib/gcc/avr/4.5.1/../../../../avr/lib/avr6\libc.a(eewr_word_atmega2560.o)
 .text          0x00000112        0x0 c:/programmi/atmel/avr tools/avr toolchain/bin/../lib/gcc/avr/4.5.1/../../../../avr/lib/avr6\libc.a(eewr_byte_atmega2560.o)
                0x00000112                . = ALIGN (0x2)
 *(.text.*)
 .text.libgcc   0x00000112        0x0 c:/programmi/atmel/avr tools/avr toolchain/bin/../lib/gcc/avr/4.5.1/avr6\libgcc.a(_exit.o)
 .text.avr-libc
                0x00000112        0xa c:/programmi/atmel/avr tools/avr toolchain/bin/../lib/gcc/avr/4.5.1/../../../../avr/lib/avr6\libc.a(eewr_word_atmega2560.o)
                0x00000112                __eewr_word_m2560
 .text.avr-libc
                0x0000011c       0x1c c:/programmi/atmel/avr tools/avr toolchain/bin/../lib/gcc/avr/4.5.1/../../../../avr/lib/avr6\libc.a(eewr_byte_atmega2560.o)
                0x0000011c                __eewr_byte_m2560
                0x0000011e                __eewr_r18_m2560
                0x00000138                . = ALIGN (0x2)
 *(.fini9)
 .fini9         0x00000138        0x0 c:/programmi/atmel/avr tools/avr toolchain/bin/../lib/gcc/avr/4.5.1/avr6\libgcc.a(_exit.o)
                0x00000138                _exit
                0x00000138                exit
 *(.fini9)
 *(.fini8)
 *(.fini8)
 *(.fini7)
 *(.fini7)
 *(.fini6)
 *(.fini6)
 *(.fini5)
 *(.fini5)
 *(.fini4)
 *(.fini4)
 *(.fini3)
 *(.fini3)
 *(.fini2)
 *(.fini2)
 *(.fini1)
 *(.fini1)
 *(.fini0)
 .fini0         0x00000138        0x2 c:/programmi/atmel/avr tools/avr toolchain/bin/../lib/gcc/avr/4.5.1/avr6\libgcc.a(_exit.o)
 *(.fini0)
                0x0000013a                _etext = .

.data           0x00800200        0x0 load address 0x0000013a
                0x00800200                PROVIDE (__data_start, .)
 *(.data)
 .data          0x00800200        0x0 c:/programmi/atmel/avr tools/avr toolchain/bin/../lib/gcc/avr/4.5.1/../../../../avr/lib/avr6/crtm2560.o
 .data          0x00800200        0x0 main.o
 .data          0x00800200        0x0 c:/programmi/atmel/avr tools/avr toolchain/bin/../lib/gcc/avr/4.5.1/avr6\libgcc.a(_exit.o)
 .data          0x00800200        0x0 c:/programmi/atmel/avr tools/avr toolchain/bin/../lib/gcc/avr/4.5.1/../../../../avr/lib/avr6\libc.a(eewr_word_atmega2560.o)
 .data          0x00800200        0x0 c:/programmi/atmel/avr tools/avr toolchain/bin/../lib/gcc/avr/4.5.1/../../../../avr/lib/avr6\libc.a(eewr_byte_atmega2560.o)
 *(.data*)
 *(.rodata)
 *(.rodata*)
 *(.gnu.linkonce.d*)
                0x00800200                . = ALIGN (0x2)
                0x00800200                _edata = .
                0x00800200                PROVIDE (__data_end, .)

.bss            0x00800200        0x0
                0x00800200                PROVIDE (__bss_start, .)
 *(.bss)
 .bss           0x00800200        0x0 c:/programmi/atmel/avr tools/avr toolchain/bin/../lib/gcc/avr/4.5.1/../../../../avr/lib/avr6/crtm2560.o
 .bss           0x00800200        0x0 main.o
 .bss           0x00800200        0x0 c:/programmi/atmel/avr tools/avr toolchain/bin/../lib/gcc/avr/4.5.1/avr6\libgcc.a(_exit.o)
 .bss           0x00800200        0x0 c:/programmi/atmel/avr tools/avr toolchain/bin/../lib/gcc/avr/4.5.1/../../../../avr/lib/avr6\libc.a(eewr_word_atmega2560.o)
 .bss           0x00800200        0x0 c:/programmi/atmel/avr tools/avr toolchain/bin/../lib/gcc/avr/4.5.1/../../../../avr/lib/avr6\libc.a(eewr_byte_atmega2560.o)
 *(.bss*)
 *(COMMON)
                0x00800200                PROVIDE (__bss_end, .)
                0x0000013a                __data_load_start = LOADADDR (.data)
                0x0000013a                __data_load_end = (__data_load_start + SIZEOF (.data))

.noinit         0x00800200        0x0
                0x00800200                PROVIDE (__noinit_start, .)
 *(.noinit*)
                0x00800200                PROVIDE (__noinit_end, .)
                0x00800200                _end = .
                0x00800200                PROVIDE (__heap_start, .)

.eeprom         0x00810000        0x0
 *(.eeprom*)
                0x00810000                __eeprom_end = .

.fuse
 *(.fuse)
 *(.lfuse)
 *(.hfuse)
 *(.efuse)

.lock
 *(.lock*)

.signature
 *(.signature*)

.stab           0x00000000      0x81c
 *(.stab)
 .stab          0x00000000      0x6e4 c:/programmi/atmel/avr tools/avr toolchain/bin/../lib/gcc/avr/4.5.1/../../../../avr/lib/avr6/crtm2560.o
 .stab          0x000006e4       0x54 c:/programmi/atmel/avr tools/avr toolchain/bin/../lib/gcc/avr/4.5.1/../../../../avr/lib/avr6\libc.a(eewr_word_atmega2560.o)
                                 0x60 (size before relaxing)
 .stab          0x00000738       0xe4 c:/programmi/atmel/avr tools/avr toolchain/bin/../lib/gcc/avr/4.5.1/../../../../avr/lib/avr6\libc.a(eewr_byte_atmega2560.o)
                                 0xf0 (size before relaxing)

.stabstr        0x00000000      0x14b
 *(.stabstr)
 .stabstr       0x00000000      0x14b c:/programmi/atmel/avr tools/avr toolchain/bin/../lib/gcc/avr/4.5.1/../../../../avr/lib/avr6/crtm2560.o

.stab.excl
 *(.stab.excl)

.stab.exclstr
 *(.stab.exclstr)

.stab.index
 *(.stab.index)

.stab.indexstr
 *(.stab.indexstr)

.comment
 *(.comment)

.debug
 *(.debug)

.line
 *(.line)

.debug_srcinfo
 *(.debug_srcinfo)

.debug_sfnames
 *(.debug_sfnames)

.debug_aranges  0x00000000       0x20
 *(.debug_aranges)
 .debug_aranges
                0x00000000       0x20 main.o

.debug_pubnames
                0x00000000       0x1b
 *(.debug_pubnames)
 .debug_pubnames
                0x00000000       0x1b main.o

.debug_info     0x00000000       0x90
 *(.debug_info)
 .debug_info    0x00000000       0x90 main.o
 *(.gnu.linkonce.wi.*)

.debug_abbrev   0x00000000       0x5d
 *(.debug_abbrev)
 .debug_abbrev  0x00000000       0x5d main.o

.debug_line     0x00000000       0xcb
 *(.debug_line)
 .debug_line    0x00000000       0xcb main.o

.debug_frame    0x00000000       0x20
 *(.debug_frame)
 .debug_frame   0x00000000       0x20 main.o

.debug_str      0x00000000       0xad
 *(.debug_str)
 .debug_str     0x00000000       0xad main.o
                                 0xe1 (size before relaxing)

.debug_loc
 *(.debug_loc)

.debug_macinfo
 *(.debug_macinfo)
OUTPUT(Elisa3-avr-studio.elf elf32-avr)
LOAD linker stubs

.debug_pubtypes
                0x00000000       0x1f
 .debug_pubtypes
                0x00000000       0x1f main.o
